Exported 26 attachments for: MinimalistReviewerUITests/testPhoneRetentionNotesAndSave():
File: 565F71C6-2810-4011-B170-7A7C9A3B1B95.txt, suggested name: "22-Questions-Last-After-Save-tree_0_5C9DDC58-641D-41AB-BD23-2765269A5055.txt"
File: E0899FE1-3415-4DD9-8B9A-02F116407B3A.png, suggested name: "22-Questions-Last-After-Save_0_EA0E0651-6EEE-4732-9777-9A97FB9C320C.png"
File: 426A4C64-D0D1-4443-AA04-53534FBCCCA2.txt, suggested name: "21-Questions-After-Notes-Save-tree_0_46494D9D-F241-425D-911B-A40F8C723832.txt"
File: C02CC203-A41E-4141-A8FC-4EED5E4DA10B.png, suggested name: "21-Questions-After-Notes-Save_0_5D1B3979-7535-4A00-8509-1B9AF98AD65F.png"
File: 87223BEE-F92F-4B68-9BC7-0345D6A412CF.txt, suggested name: "20-Notes-Back-State-tree_0_36202A60-7497-4490-916C-3049F2399227.txt"
File: 4317829F-F1C8-4907-9758-9BAE65414902.png, suggested name: "20-Notes-Back-State_0_C87A0765-8825-49F8-AB5B-3520A48DEC90.png"
File: 3327C34D-799E-4804-BD3A-3CEDD9E7C15E.txt, suggested name: "19-Notes-Saved-tree_0_768161C7-FC0B-4FF2-A15D-06750CAF9A06.txt"
File: 6EAE1BB4-E4E0-44B1-9247-508951F0B1E7.png, suggested name: "19-Notes-Saved_0_1904B320-1F70-47D4-B4A4-D85B1FDB59B0.png"
File: BF7A005F-DB80-4558-AE1E-DB054E7C7750.txt, suggested name: "18-Notes-Editing-Keyboard-tree_0_3494E00D-FC97-4B80-AC45-6D21F61892C0.txt"
File: C69FAF45-E638-4262-B83D-5DA3727D7C9F.png, suggested name: "18-Notes-Editing-Keyboard_0_3C8F600F-1F58-4B03-8910-ECB5788B8E03.png"
File: 8CEBF051-8BD1-499C-BC17-6D6DB82A7C0F.txt, suggested name: "17-Notes-Editing-tree_0_E55C909D-FDA6-4AEF-BB79-9CEDB5B45BAD.txt"
File: 19090DD3-51AB-4126-8D08-36648807C762.png, suggested name: "17-Notes-Editing_0_8832A256-433E-4C8F-BB5D-D667FC61636E.png"
File: 1F7D0C19-82CB-450C-984A-8BDEDABB384A.txt, suggested name: "16-Notes-Scrolled-tree_0_1F641B20-A535-45EA-A45E-1255D6AD0A96.txt"
File: 0A0FEE7D-CF50-471C-A5CE-9AA88AC4569D.png, suggested name: "16-Notes-Scrolled_0_5DF087BC-72E9-40AA-9B42-DA42A8783E13.png"
File: 7A52B6F2-0743-47B5-9A24-3AE812858A56.txt, suggested name: "15-Notes-Rail-Jump-tree_0_61810D94-17BF-490A-A6A3-26FBD10C8718.txt"
File: 9E1E770C-98A4-4038-87A2-4E7393F2D97F.png, suggested name: "15-Notes-Rail-Jump_0_3C757463-4071-4AB4-903E-3D9A74000F74.png"
File: 90225BAE-F180-445D-8438-047F66E83038.txt, suggested name: "14-Notes-Top-tree_0_8373AB8B-8AAF-4F4A-8E25-7B81048D1BF8.txt"
File: BBFB5E83-A3EC-4C7F-8C96-E56509A05A0E.png, suggested name: "14-Notes-Top_0_9714CC56-BF4C-437F-9BDE-855078499422.png"
File: B772E13C-80F1-49D1-94DE-05F090024829.txt, suggested name: "13-Deck-Links-Scrolled-tree_0_713B0738-D38B-463E-AFB8-308D4F290671.txt"
File: 35A1EDCD-D5D5-499A-B3B5-E679CDC12F4A.png, suggested name: "13-Deck-Links-Scrolled_0_8EE6BB76-B240-4213-9BF3-5EAB68975B93.png"
File: 7381A925-D47C-42F0-A65C-129BE80905A6.txt, suggested name: "12-Target-Saved-tree_0_887658C3-DA74-4AEB-B18B-EE47073ACDE8.txt"
File: 81D88F92-C072-4279-ABD3-00A56AF3A41E.png, suggested name: "12-Target-Saved_0_FFDC1612-CACA-4E4B-82B5-045122AD4C47.png"
File: 5A932F5D-B2C7-4A69-964E-1B14FFE5C1F3.txt, suggested name: "11-Target-Adjusted-tree_0_578E962C-54FA-4EC0-A8F5-969AD4973B6E.txt"
File: 0535F147-7FFC-485B-8DC7-05011FAA547B.png, suggested name: "11-Target-Adjusted_0_A7A34B71-6094-47F0-BAEA-437E99DE0A6F.png"
File: 5E9BDB60-E287-4E7E-9006-BCAC7832BC5A.txt, suggested name: "10-Target-Settings-tree_0_A5CD3A6B-8ED3-47A9-B280-95FF977AEC68.txt"
File: A44CBAB7-2B87-4D05-9BF4-ED3CD4C0A914.png, suggested name: "10-Target-Settings_0_3B9E017E-8C9A-46AC-99FD-41FB07F93D3E.png"

Exported 3 attachments for: MinimalistStudyUITests/testAssistantKeyboardResponseAndExpansion():
File: 5283EB92-2136-4C47-A448-7CC330823CEE.png, suggested name: "Assistant-Expanded_0_613C7731-6AB6-4B79-BA9E-5D00F67A5920.png"
File: A7C4C728-63B8-4C54-9F70-627E21237910.png, suggested name: "Assistant-Response_0_346C0090-5878-4F63-87AD-103E4CAB9008.png"
File: FBAB0DEE-1F86-4D6F-9240-DAC3E23F029D.png, suggested name: "Assistant-Keyboard_0_C76C9A7E-B587-44EC-95E3-6ED096D7A2C1.png"

Exported 3 attachments for: MinimalistStudyUITests/testDarkAndLargeTextLayout():
File: 5BE45727-C2F8-4D53-8A2F-7622434B5E70.png, suggested name: "Questions-Dark-Large_0_B93D6E00-C4C2-42B9-B0EE-E58CA5C2E0EB.png"
File: D959E816-2AFC-4051-8358-0C6FDE479EBD.png, suggested name: "Deck-Dark-Large_0_5998B0DE-ABB9-4442-8B36-54158236D7E3.png"
File: D3BEBDCD-3FE4-4CC5-99DC-5A3C588F0050.png, suggested name: "Today-Dark-Large_0_8D430570-CF99-441D-920F-1A060C94FEC5.png"

Exported 6 attachments for: MinimalistStudyUITests/testDeckQuestionsAndNotesNavigation():
File: 925DE5F2-C17D-446B-AB77-0B7F5C220CE8.png, suggested name: "Notes-Scrolled-Contents_0_8B309E33-19FF-48E3-9E91-596FD90DC40D.png"
File: D2877925-4418-4B31-950A-51E1605B70AD.png, suggested name: "Notes-Rail-Jump_0_4581FACE-F7F6-41B0-ACAC-7DD17DA46663.png"
File: C8523B11-0613-4846-8AD8-3F6F4B59E662.png, suggested name: "Notes-Compact-Contents_0_A2D4A47E-DC2A-48F1-A763-25C288E83F0F.png"
File: 67B6BAA3-1FBF-43ED-850E-F3F9C1CD12A2.png, suggested name: "Questions-Structured-MCQ_0_FBFAB394-D6D1-4370-AD55-68F99FE79A04.png"
File: 2E8BA7E2-1EBC-4ABC-A051-486FC56C849E.png, suggested name: "Deck-Flat-Outlook_0_4F905775-2B1A-459B-AB8B-DA411E8908A6.png"
File: BF3381DC-0469-4C45-A5C4-52E7805DE83D.png, suggested name: "Today-Green-Study_0_BED5972D-F467-444C-AB6B-45F01FAE3A52.png"

Generated manifest file with attachment details: /private/tmp/engram-minimalist-review-evidence/final-fddc39a/iphone-attachments/manifest.json
